Archive member included to satisfy reference by file (symbol)

/usr/lib/gcc/arm-none-eabi/9.2.1/thumb/v6-m/nofp/libgcc.a(_udivsi3.o)
                              /f29bms/src/driver/HAL_SlaveChips/STM32_HAL_SlaveChips.o (__aeabi_uidiv)
/usr/lib/gcc/arm-none-eabi/9.2.1/thumb/v6-m/nofp/libgcc.a(_dvmd_tls.o)
                              /usr/lib/gcc/arm-none-eabi/9.2.1/thumb/v6-m/nofp/libgcc.a(_udivsi3.o) (__aeabi_idiv0)
/usr/lib/gcc/arm-none-eabi/9.2.1/thumb/v6-m/nofp/libgcc.a(_muldi3.o)
                              /f29bms/src/driver/HAL_SlaveChips/STM32_HAL_SlaveChips.o (__aeabi_lmul)
/usr/lib/gcc/arm-none-eabi/9.2.1/thumb/v6-m/nofp/libgcc.a(_fixunsdfsi.o)
                              /f29bms/src/app/CAN/STM32_f29bms_dbc.o (__aeabi_d2uiz)
/usr/lib/gcc/arm-none-eabi/9.2.1/thumb/v6-m/nofp/libgcc.a(_fixunsdfdi.o)
                              /f29bms/src/app/CAN/STM32_f29bms_dbc.o (__aeabi_d2ulz)
/usr/lib/gcc/arm-none-eabi/9.2.1/thumb/v6-m/nofp/libgcc.a(_floatundidf.o)
                              /f29bms/src/app/CAN/STM32_f29bms_dbc.o (__aeabi_ul2d)
/usr/lib/gcc/arm-none-eabi/9.2.1/thumb/v6-m/nofp/libgcc.a(divsf3.o)
                              /f29bms/src/driver/HAL_CurrentSensor/STM32_HAL_CurrentSensor.o (__aeabi_fdiv)
/usr/lib/gcc/arm-none-eabi/9.2.1/thumb/v6-m/nofp/libgcc.a(mulsf3.o)
                              /f29bms/src/driver/HAL_CurrentSensor/STM32_HAL_CurrentSensor.o (__aeabi_fmul)
/usr/lib/gcc/arm-none-eabi/9.2.1/thumb/v6-m/nofp/libgcc.a(floatsisf.o)
                              /f29bms/src/driver/HAL_SlaveChips/STM32_HAL_SlaveChips.o (__aeabi_i2f)
/usr/lib/gcc/arm-none-eabi/9.2.1/thumb/v6-m/nofp/libgcc.a(floatunsisf.o)
                              /f29bms/src/driver/HAL_CurrentSensor/STM32_HAL_CurrentSensor.o (__aeabi_ui2f)
/usr/lib/gcc/arm-none-eabi/9.2.1/thumb/v6-m/nofp/libgcc.a(adddf3.o)
                              /usr/lib/gcc/arm-none-eabi/9.2.1/thumb/v6-m/nofp/libgcc.a(_floatundidf.o) (__aeabi_dadd)
/usr/lib/gcc/arm-none-eabi/9.2.1/thumb/v6-m/nofp/libgcc.a(divdf3.o)
                              /f29bms/src/driver/HAL_CurrentSensor/STM32_HAL_CurrentSensor.o (__aeabi_ddiv)
/usr/lib/gcc/arm-none-eabi/9.2.1/thumb/v6-m/nofp/libgcc.a(muldf3.o)
                              /f29bms/src/app/CAN/STM32_f29bms_dbc.o (__aeabi_dmul)
/usr/lib/gcc/arm-none-eabi/9.2.1/thumb/v6-m/nofp/libgcc.a(subdf3.o)
                              /f29bms/src/driver/HAL_CurrentSensor/STM32_HAL_CurrentSensor.o (__aeabi_dsub)
/usr/lib/gcc/arm-none-eabi/9.2.1/thumb/v6-m/nofp/libgcc.a(fixdfsi.o)
                              /f29bms/src/app/CAN/STM32_f29bms_dbc.o (__aeabi_d2iz)
/usr/lib/gcc/arm-none-eabi/9.2.1/thumb/v6-m/nofp/libgcc.a(floatsidf.o)
                              /f29bms/src/app/CAN/STM32_f29bms_dbc.o (__aeabi_i2d)
/usr/lib/gcc/arm-none-eabi/9.2.1/thumb/v6-m/nofp/libgcc.a(floatunsidf.o)
                              /f29bms/src/app/CAN/STM32_f29bms_dbc.o (__aeabi_ui2d)
/usr/lib/gcc/arm-none-eabi/9.2.1/thumb/v6-m/nofp/libgcc.a(extendsfdf2.o)
                              /f29bms/src/driver/HAL_CurrentSensor/STM32_HAL_CurrentSensor.o (__aeabi_f2d)
/usr/lib/gcc/arm-none-eabi/9.2.1/thumb/v6-m/nofp/libgcc.a(truncdfsf2.o)
                              /f29bms/src/driver/HAL_CurrentSensor/STM32_HAL_CurrentSensor.o (__aeabi_d2f)
/usr/lib/gcc/arm-none-eabi/9.2.1/thumb/v6-m/nofp/libgcc.a(_arm_cmpdf2.o)
                              /usr/lib/gcc/arm-none-eabi/9.2.1/thumb/v6-m/nofp/libgcc.a(_fixunsdfsi.o) (__aeabi_dcmpge)
/usr/lib/gcc/arm-none-eabi/9.2.1/thumb/v6-m/nofp/libgcc.a(_clzsi2.o)
                              /usr/lib/gcc/arm-none-eabi/9.2.1/thumb/v6-m/nofp/libgcc.a(divsf3.o) (__clzsi2)
/usr/lib/gcc/arm-none-eabi/9.2.1/thumb/v6-m/nofp/libgcc.a(eqdf2.o)
                              /usr/lib/gcc/arm-none-eabi/9.2.1/thumb/v6-m/nofp/libgcc.a(_arm_cmpdf2.o) (__eqdf2)
/usr/lib/gcc/arm-none-eabi/9.2.1/thumb/v6-m/nofp/libgcc.a(gedf2.o)
                              /usr/lib/gcc/arm-none-eabi/9.2.1/thumb/v6-m/nofp/libgcc.a(_arm_cmpdf2.o) (__gedf2)
/usr/lib/gcc/arm-none-eabi/9.2.1/thumb/v6-m/nofp/libgcc.a(ledf2.o)
                              /usr/lib/gcc/arm-none-eabi/9.2.1/thumb/v6-m/nofp/libgcc.a(_arm_cmpdf2.o) (__ledf2)
/usr/lib/gcc/arm-none-eabi/9.2.1/../../../arm-none-eabi/lib/thumb/v6-m/nofp/libc.a(lib_a-atexit.o)
                              /usr/lib/gcc/arm-none-eabi/9.2.1/../../../arm-none-eabi/lib/thumb/v6-m/nofp/crt0.o (atexit)
/usr/lib/gcc/arm-none-eabi/9.2.1/../../../arm-none-eabi/lib/thumb/v6-m/nofp/libc.a(lib_a-exit.o)
                              /usr/lib/gcc/arm-none-eabi/9.2.1/../../../arm-none-eabi/lib/thumb/v6-m/nofp/crt0.o (exit)
/usr/lib/gcc/arm-none-eabi/9.2.1/../../../arm-none-eabi/lib/thumb/v6-m/nofp/libc.a(lib_a-fini.o)
                              /usr/lib/gcc/arm-none-eabi/9.2.1/../../../arm-none-eabi/lib/thumb/v6-m/nofp/crt0.o (__libc_fini_array)
/usr/lib/gcc/arm-none-eabi/9.2.1/../../../arm-none-eabi/lib/thumb/v6-m/nofp/libc.a(lib_a-impure.o)
[...]
Memory Configuration

Name             Origin             Length             Attributes
RAM              0x0000000020000000 0x0000000000008000 xrw
FLASH            0x0000000008000000 0x0000000000040000 xr
*default*        0x0000000000000000 0xffffffffffffffff

Linker script and memory map

LOAD /usr/lib/gcc/arm-none-eabi/9.2.1/thumb/v6-m/nofp/crti.o
LOAD /usr/lib/gcc/arm-none-eabi/9.2.1/thumb/v6-m/nofp/crtbegin.o
LOAD /usr/lib/gcc/arm-none-eabi/9.2.1/../../../arm-none-eabi/lib/thumb/v6-m/nofp/crt0.o
LOAD /f29bms/src/driver/HAL_Spi/test_STM32_HAL_Spi.o
LOAD /f29bms/src/driver/HAL_Can/STM32_HAL_Can.o
LOAD /f29bms/src/driver/HAL_CurrentSensor/STM32_HAL_CurrentSensor.o
LOAD /f29bms/src/driver/HAL_EEPROM/STM32_HAL_EEPROM.o
LOAD /f29bms/src/driver/HAL_Gpio/STM32_HAL_Gpio.o
LOAD /f29bms/src/driver/HAL_SlaveChips/STM32_HAL_SlaveChips.o
LOAD /f29bms/src/driver/HAL_Watchdog/STM32_HAL_Watchdog.o
LOAD /f29bms/src/driver/HAL_Spi/STM32_HAL_Spi.o
LOAD /f29bms/src/common/counters/STM32_counters.o
LOAD /f29bms/libs/stm32libs/STM32F0xx_StdPeriph_Driver/src/stm32f0xx_adc.o
LOAD /f29bms/libs/stm32libs/STM32F0xx_StdPeriph_Driver/src/stm32f0xx_can.o
LOAD /f29bms/libs/stm32libs/STM32F0xx_StdPeriph_Driver/src/stm32f0xx_cec.o
LOAD /f29bms/libs/stm32libs/STM32F0xx_StdPeriph_Driver/src/stm32f0xx_comp.o
LOAD /f29bms/libs/stm32libs/STM32F0xx_StdPeriph_Driver/src/stm32f0xx_crc.o
LOAD /f29bms/libs/stm32libs/STM32F0xx_StdPeriph_Driver/src/stm32f0xx_crs.o
LOAD /f29bms/libs/stm32libs/STM32F0xx_StdPeriph_Driver/src/stm32f0xx_dac.o
LOAD /f29bms/libs/stm32libs/STM32F0xx_StdPeriph_Driver/src/stm32f0xx_dbgmcu.o
LOAD /f29bms/libs/stm32libs/STM32F0xx_StdPeriph_Driver/src/stm32f0xx_dma.o
LOAD /f29bms/libs/stm32libs/STM32F0xx_StdPeriph_Driver/src/stm32f0xx_exti.o
LOAD /f29bms/libs/stm32libs/STM32F0xx_StdPeriph_Driver/src/stm32f0xx_flash.o
LOAD /f29bms/libs/stm32libs/STM32F0xx_StdPeriph_Driver/src/stm32f0xx_gpio.o
LOAD /f29bms/libs/stm32libs/STM32F0xx_StdPeriph_Driver/src/stm32f0xx_i2c.o
LOAD /f29bms/libs/stm32libs/STM32F0xx_StdPeriph_Driver/src/stm32f0xx_iwdg.o
LOAD /f29bms/libs/stm32libs/STM32F0xx_StdPeriph_Driver/src/stm32f0xx_misc.o
LOAD /f29bms/libs/stm32libs/STM32F0xx_StdPeriph_Driver/src/stm32f0xx_pwr.o
LOAD /f29bms/libs/stm32libs/STM32F0xx_StdPeriph_Driver/src/stm32f0xx_rcc.o
LOAD /f29bms/libs/stm32libs/STM32F0xx_StdPeriph_Driver/src/stm32f0xx_rtc.o
LOAD /f29bms/libs/stm32libs/STM32F0xx_StdPeriph_Driver/src/stm32f0xx_spi.o
LOAD /f29bms/libs/stm32libs/STM32F0xx_StdPeriph_Driver/src/stm32f0xx_syscfg.o
LOAD /f29bms/libs/stm32libs/STM32F0xx_StdPeriph_Driver/src/stm32f0xx_tim.o
LOAD /f29bms/libs/stm32libs/STM32F0xx_StdPeriph_Driver/src/stm32f0xx_usart.o
LOAD /f29bms/libs/stm32libs/STM32F0xx_StdPeriph_Driver/src/stm32f0xx_wwdg.o
LOAD /f29bms/libs/stm32libs/CMSIS/Device/ST/STM32F0xx/Source/Templates/system_stm32f0xx.o
LOAD /f29bms/libs/stm32libs/CMSIS/Device/ST/STM32F0xx/Source/Templates/gcc_ride7/startup_stm32f0xx.o
LOAD /f29bms/src/app/CAN/STM32_f29bms_dbc.o
START GROUP
LOAD /usr/lib/gcc/arm-none-eabi/9.2.1/thumb/v6-m/nofp/libgcc.a
LOAD /usr/lib/gcc/arm-none-eabi/9.2.1/../../../arm-none-eabi/lib/thumb/v6-m/nofp/libc.a
END GROUP
START GROUP
LOAD /usr/lib/gcc/arm-none-eabi/9.2.1/thumb/v6-m/nofp/libgcc.a
LOAD /usr/lib/gcc/arm-none-eabi/9.2.1/../../../arm-none-eabi/lib/thumb/v6-m/nofp/libc.a
LOAD /usr/lib/gcc/arm-none-eabi/9.2.1/../../../arm-none-eabi/lib/thumb/v6-m/nofp/libnosys.a
END GROUP
LOAD /usr/lib/gcc/arm-none-eabi/9.2.1/thumb/v6-m/nofp/crtend.o
LOAD /usr/lib/gcc/arm-none-eabi/9.2.1/thumb/v6-m/nofp/crtn.o
                0x0000000020008000                _estack = 0x20008000
                0x0000000000000200                _Min_Heap_Size = 0x200
                0x0000000000000400                _Min_Stack_Size = 0x400

.isr_vector     0x0000000008000000       0xc4
                0x0000000008000000                . = ALIGN (0x4)
 *(.isr_vector)
 .isr_vector    0x0000000008000000       0xc4 /f29bms/libs/stm32libs/CMSIS/Device/ST/STM32F0xx/Source/Templates/gcc_ride7/startup_stm32f0xx.o
                0x0000000008000000                g_pfnVectors
                0x00000000080000c4                . = ALIGN (0x4)

.text           0x00000000080000c4    0x1ae58
                0x00000000080000c4                . = ALIGN (0x4)
 *(.text)
 .text          0x00000000080000c4        0x0 /usr/lib/gcc/arm-none-eabi/9.2.1/thumb/v6-m/nofp/crti.o
 .text          0x00000000080000c4       0x98 /usr/lib/gcc/arm-none-eabi/9.2.1/thumb/v6-m/nofp/crtbegin.o
 .text          0x000000000800015c       0x74 /usr/lib/gcc/arm-none-eabi/9.2.1/../../../arm-none-eabi/lib/thumb/v6-m/nofp/crt0.o
                0x000000000800015c                _stack_init
                0x0000000008000168                _mainCRTStartup
                0x0000000008000168                _start
 .text          0x00000000080001d0        0xc /f29bms/src/driver/HAL_Spi/test_STM32_HAL_Spi.o
                0x00000000080001d0                main
 .text          0x00000000080001dc      0x24c /f29bms/src/driver/HAL_Can/STM32_HAL_Can.o
                0x00000000080001dc                HAL_Can_init
                0x00000000080002d4                HAL_Can_send_message
                0x00000000080003d8                HAL_number_of_empty_mailboxes
 .text          0x0000000008000428      0x13c /f29bms/src/driver/HAL_CurrentSensor/STM32_HAL_CurrentSensor.o
                0x0000000008000428                HAL_CurrentSensor_init
                0x00000000080004a4                HAL_CurrentSensor_read_current
 .text          0x0000000008000564        0x0 /f29bms/src/driver/HAL_EEPROM/STM32_HAL_EEPROM.o
 .text          0x0000000008000564      0x1ba /f29bms/src/driver/HAL_Gpio/STM32_HAL_Gpio.o
                0x0000000008000608                HAL_Gpio_init
                0x000000000800068a                HAL_Gpio_read
                0x00000000080006c8                HAL_Gpio_write
 *fill*         0x000000000800071e        0x2 
 .text          0x0000000008000720     0x159c /f29bms/src/driver/HAL_SlaveChips/STM32_HAL_SlaveChips.o
                0x0000000008000930                LTC6804_rdcv_reg
                0x0000000008000a08                LTC6804_rdcv
                0x0000000008001502                HAL_SlaveChip_Init
                0x0000000008001548                HAL_SlaveChips_get_all_cell_data
                0x000000000800180c                HAL_SlaveChips_get_all_tm_readings
                0x00000000080019d0                HAL_SlaveChips_request_cell_drain_state
 .text          0x0000000008001cbc       0x3c /f29bms/src/driver/HAL_Watchdog/STM32_HAL_Watchdog.o
                0x0000000008001cbc                HAL_Watchdog_Init
                0x0000000008001ce8                pet
 .text          0x0000000008001cf8      0x158 /f29bms/src/driver/HAL_Spi/STM32_HAL_Spi.o
                0x0000000008001cf8                HAL_Spi_Init
                0x0000000008001d78                HAL_Spi_transmit_and_receive
 .text          0x0000000008001e50       0x88 /f29bms/src/common/counters/STM32_counters.o
                0x0000000008001e50                incr_to_limit
                0x0000000008001e94                decr_to_limit
 .text          0x0000000008001ed8      0x694 /f29bms/libs/stm32libs/STM32F0xx_StdPeriph_Driver/src/stm32f0xx_adc.o
                0x0000000008001ed8                ADC_DeInit
                0x0000000008001f0c                ADC_Init
                0x0000000008001f64                ADC_StructInit
                0x0000000008001f98                ADC_Cmd
                0x0000000008001fd0                ADC_ClockModeConfig
                0x0000000008001fe8                ADC_JitterCmd
                0x0000000008002022                ADC_AutoPowerOffCmd
                0x0000000008002060                ADC_WaitModeCmd
                0x00000000080020a0                ADC_AnalogWatchdogCmd
                0x00000000080020e0                ADC_AnalogWatchdogThresholdsConfig
                0x0000000008002110                ADC_AnalogWatchdogSingleChannelConfig
                0x0000000008002148                ADC_AnalogWatchdogSingleChannelCmd
                0x0000000008002188                ADC_TempSensorCmd
                0x00000000080021c8                ADC_VrefintCmd
                0x0000000008002208                ADC_VbatCmd
                0x0000000008002248                ADC_ChannelConfig
                0x0000000008002282                ADC_ContinuousModeCmd
                0x00000000080022c0                ADC_DiscModeCmd
                0x0000000008002300                ADC_OverrunModeCmd
                0x0000000008002340                ADC_GetCalibrationFactor
                0x00000000080023a0                ADC_StopOfConversion
                0x00000000080023bc                ADC_StartOfConversion
                0x00000000080023d8                ADC_GetConversionValue
                0x00000000080023ee                ADC_DMACmd
                0x0000000008002428                ADC_DMARequestModeConfig
                0x0000000008002454                ADC_ITConfig
                0x000000000800248e                ADC_GetFlagStatus
                0x00000000080024ec                ADC_ClearFlag
                0x0000000008002504                ADC_GetITStatus
                0x0000000008002552                ADC_ClearITPendingBit
 .text          0x000000000800256c     0x1298 /f29bms/libs/stm32libs/STM32F0xx_StdPeriph_Driver/src/stm32f0xx_can.o
                0x000000000800256c                CAN_DeInit
                0x0000000008002594                CAN_Init
                0x0000000008002758                CAN_FilterInit
                0x0000000008002908                CAN_StructInit
                0x000000000800295a                CAN_SlaveStartBank
                0x00000000080029cc                CAN_DBGFreeze
                0x0000000008002a0c                CAN_TTComModeCmd
                0x0000000008002ad4                CAN_Transmit
                0x0000000008002cb0                CAN_TransmitStatus
                0x0000000008002db4                CAN_CancelTransmit
                0x0000000008002e0e                CAN_Receive
                0x0000000008002fb8                CAN_FIFORelease
                0x0000000008002ff0                CAN_MessagePending
                0x000000000800304e                CAN_OperatingModeRequest
                0x0000000008003174                CAN_Sleep
                0x00000000080031b4                CAN_WakeUp
                0x0000000008003218                CAN_GetLastErrorCode
                0x0000000008003244                CAN_GetReceiveErrorCounter
                0x000000000800326a                CAN_GetLSBTransmitErrorCounter
                0x0000000008003290                CAN_ITConfig
                0x00000000080032ca                CAN_GetFlagStatus
                0x00000000080033b8                CAN_ClearFlag
                0x0000000008003428                CAN_GetITStatus
                0x0000000008003678                CAN_ClearITPendingBit
 .text          0x0000000008003804      0x310 /f29bms/libs/stm32libs/STM32F0xx_StdPeriph_Driver/src/stm32f0xx_cec.o
                0x0000000008003804                CEC_DeInit
                0x0000000008003826                CEC_Init
                0x0000000008003884                CEC_StructInit
                0x00000000080038be                CEC_Cmd
                0x00000000080038f8                CEC_ListenModeCmd
                0x0000000008003934                CEC_OwnAddressConfig
                0x000000000800396c                CEC_OwnAddressClear
                0x0000000008003980                CEC_SendData
                0x00000000080039a0                CEC_ReceiveData
                0x00000000080039b4                CEC_StartOfMessage
                0x00000000080039d0                CEC_EndOfMessage
                0x00000000080039ec                CEC_ITConfig
                0x0000000008003a3c                CEC_GetFlagStatus
                0x0000000008003a80                CEC_ClearFlag
                0x0000000008003a9c                CEC_GetITStatus
                0x0000000008003af4                CEC_ClearITPendingBit
 .text          0x0000000008003b14      0x1d0 /f29bms/libs/stm32libs/STM32F0xx_StdPeriph_Driver/src/stm32f0xx_comp.o
                0x0000000008003b14                COMP_DeInit
                0x0000000008003b28                COMP_Init
                0x0000000008003b8c                COMP_StructInit
                0x0000000008003bba                COMP_Cmd
                0x0000000008003c08                COMP_SwitchCmd
                0x0000000008003c44                COMP_GetOutputLevel
                0x0000000008003c7c                COMP_WindowCmd
                0x0000000008003cbc                COMP_LockConfig
 .text          0x0000000008003ce4      0x21c /f29bms/libs/stm32libs/STM32F0xx_StdPeriph_Driver/src/stm32f0xx_crc.o
                0x0000000008003ce4                CRC_DeInit
                0x0000000008003d18                CRC_ResetDR
                0x0000000008003d34                CRC_PolynomialSizeSelect
                0x0000000008003d68                CRC_ReverseInputDataSelect
                0x0000000008003d9c                CRC_ReverseOutputDataCmd
                0x0000000008003dd8                CRC_SetInitRegister
                0x0000000008003df4                CRC_SetPolynomial
                0x0000000008003e10                CRC_CalcCRC
                0x0000000008003e30                CRC_CalcCRC16bits
                0x0000000008003e54                CRC_CalcCRC8bits
                0x0000000008003e78                CRC_CalcBlockCRC
                0x0000000008003eb8                CRC_GetCRC
                0x0000000008003ecc                CRC_SetIDRegister
                0x0000000008003eec                CRC_GetIDRegister
 .text          0x0000000008003f00      0x338 /f29bms/libs/stm32libs/STM32F0xx_StdPeriph_Driver/src/stm32f0xx_crs.o
                0x0000000008003f00                CRS_DeInit
                0x0000000008003f22                CRS_AdjustHSI48CalibrationValue
                0x0000000008003f5c                CRS_FrequencyErrorCounterCmd
                0x0000000008003f98                CRS_AutomaticCalibrationCmd
                0x0000000008003fd4                CRS_SoftwareSynchronizationGenerate
                0x0000000008003ff0                CRS_FrequencyErrorCounterReload
                0x000000000800401c                CRS_FrequencyErrorLimitConfig
                0x0000000008004054                CRS_SynchronizationPrescalerConfig
                0x0000000008004084                CRS_SynchronizationSourceConfig
                0x00000000080040b4                CRS_SynchronizationPolarityConfig
                0x00000000080040e0                CRS_GetReloadValue
                0x00000000080040f8                CRS_GetHSI48CalibrationValue
                0x0000000008004110                CRS_GetFrequencyErrorValue
                0x0000000008004128                CRS_GetFrequencyErrorDirection
                0x0000000008004140                CRS_ITConfig
                0x0000000008004180                CRS_GetFlagStatus
                0x00000000080041a4                CRS_ClearFlag
                0x00000000080041dc                CRS_GetITStatus
                0x0000000008004200                CRS_ClearITPendingBit
 .text          0x0000000008004238      0x444 /f29bms/libs/stm32libs/STM32F0xx_StdPeriph_Driver/src/stm32f0xx_dac.o
                0x0000000008004238                DAC_DeInit
                0x000000000800425a                DAC_Init
                0x00000000080042c0                DAC_StructInit
                0x00000000080042e8                DAC_Cmd
                0x0000000008004330                DAC_SoftwareTriggerCmd
                0x000000000800437c                DAC_DualSoftwareTriggerCmd
                0x00000000080043b8                DAC_WaveGenerationCmd
                0x0000000008004400                DAC_SetChannel1Data
                0x0000000008004434                DAC_SetChannel2Data
                0x0000000008004468                DAC_SetDualChannelData
                0x00000000080044cc                DAC_GetDataOutputValue
                0x00000000080044fc                DAC_DMACmd
                0x0000000008004548                DAC_ITConfig
                0x0000000008004590                DAC_GetFlagStatus
                0x00000000080045d4                DAC_ClearFlag
                0x00000000080045f8                DAC_GetITStatus
                0x0000000008004658                DAC_ClearITPendingBit
 .text          0x000000000800467c       0xec /f29bms/libs/stm32libs/STM32F0xx_StdPeriph_Driver/src/stm32f0xx_dbgmcu.o
                0x000000000800467c                DBGMCU_GetREVID
                0x0000000008004690                DBGMCU_GetDEVID
                0x00000000080046a8                DBGMCU_Config
                0x00000000080046e8                DBGMCU_APB1PeriphConfig
                0x0000000008004728                DBGMCU_APB2PeriphConfig
 .text          0x0000000008004768      0x45c /f29bms/libs/stm32libs/STM32F0xx_StdPeriph_Driver/src/stm32f0xx_dma.o
                0x0000000008004768                DMA_DeInit
                0x00000000080048f0                DMA_Init
                0x000000000800496c                DMA_StructInit
                0x00000000080049be                DMA_Cmd
                0x00000000080049fc                DMA_RemapConfig
                0x0000000008004a3e                DMA_SetCurrDataCounter
                0x0000000008004a5c                DMA_GetCurrDataCounter
                0x0000000008004a72                DMA_ITConfig
                0x0000000008004aac                DMA_GetFlagStatus
                0x0000000008004b08                DMA_ClearFlag
                0x0000000008004b38                DMA_GetITStatus
                0x0000000008004b94                DMA_ClearITPendingBit
 .text          0x0000000008004bc4      0x20c /f29bms/libs/stm32libs/STM32F0xx_StdPeriph_Driver/src/stm32f0xx_exti.o
                0x0000000008004bc4                EXTI_DeInit
                0x0000000008004bf8                EXTI_Init
                0x0000000008004cd8                EXTI_StructInit
                0x0000000008004d00                EXTI_GenerateSWInterrupt
                0x0000000008004d20                EXTI_GetFlagStatus
                0x0000000008004d5c                EXTI_ClearFlag
                0x0000000008004d78                EXTI_GetITStatus
                0x0000000008004db4                EXTI_ClearITPendingBit
 .text          0x0000000008004dd0      0xc80 /f29bms/libs/stm32libs/STM32F0xx_StdPeriph_Driver/src/stm32f0xx_flash.o
                0x0000000008004dd0                FLASH_SetLatency
                0x0000000008004e04                FLASH_PrefetchBufferCmd
                0x0000000008004e40                FLASH_GetPrefetchBufferStatus
                0x0000000008004e74                FLASH_Unlock
                0x0000000008004ea0                FLASH_Lock
                0x0000000008004ebc                FLASH_ErasePage
                0x0000000008004f34                FLASH_EraseAllPages
                0x0000000008004f9c                FLASH_ProgramWord
                0x0000000008005048                FLASH_ProgramHalfWord
                0x00000000080050bc                FLASH_OB_Unlock
                0x00000000080050ec                FLASH_OB_Lock
                0x000000000800510c                FLASH_OB_Launch
                0x0000000008005128                FLASH_OB_Erase
                0x0000000008005200                FLASH_OB_EnableWRP
                0x0000000008005370                FLASH_OB_RDPConfig
                0x0000000008005448                FLASH_OB_UserConfig
                0x00000000080054f4                FLASH_OB_BOOTConfig
                0x000000000800557c                FLASH_OB_BOOT0Config
                0x0000000008005604                FLASH_OB_BOOT0SWConfig
                0x000000000800568c                FLASH_OB_VDDAConfig
                0x0000000008005714                FLASH_OB_SRAMParityConfig
                0x000000000800579c                FLASH_OB_WriteUser
                0x000000000800581c                FLASH_OB_ProgramData
                0x000000000800589c                FLASH_OB_GetUser
                0x00000000080058b4                FLASH_OB_GetWRP
                0x00000000080058c8                FLASH_OB_GetRDP
                0x0000000008005900                FLASH_ITConfig
                0x0000000008005940                FLASH_GetFlagStatus
                0x000000000800597c                FLASH_ClearFlag
                0x0000000008005998                FLASH_GetStatus
                0x00000000080059f4                FLASH_WaitForLastOperation
 .text          0x0000000008005a50      0x484 /f29bms/libs/stm32libs/STM32F0xx_StdPeriph_Driver/src/stm32f0xx_gpio.o
                0x0000000008005a50                GPIO_DeInit
                0x0000000008005b40                GPIO_Init
                0x0000000008005c68                GPIO_StructInit
                0x0000000008005c9c                GPIO_PinLockConfig
                0x0000000008005ce2                GPIO_ReadInputDataBit
                0x0000000008005d28                GPIO_ReadInputData
                0x0000000008005d3e                GPIO_ReadOutputDataBit
                0x0000000008005d84                GPIO_ReadOutputData
                0x0000000008005d9a                GPIO_SetBits
                0x0000000008005db8                GPIO_ResetBits
                0x0000000008005dd6                GPIO_WriteBit
                0x0000000008005e10                GPIO_Write
                0x0000000008005e2e                GPIO_PinAFConfig
 .text          0x0000000008005ed4      0xa8c /f29bms/libs/stm32libs/STM32F0xx_StdPeriph_Driver/src/stm32f0xx_i2c.o
                0x0000000008005ed4                I2C_DeInit
                0x0000000008005f24                I2C_Init
                0x0000000008005ff4                I2C_StructInit
                0x0000000008006030                I2C_Cmd
                0x000000000800606a                I2C_SoftwareResetCmd
                0x0000000008006098                I2C_ITConfig
                0x00000000080060d2                I2C_StretchClockCmd
                0x0000000008006110                I2C_StopModeCmd
                0x0000000008006150                I2C_DualAddressCmd
                0x0000000008006190                I2C_OwnAddress2Config
                0x00000000080061e8                I2C_GeneralCallCmd
                0x0000000008006228                I2C_SlaveByteControlCmd
                0x0000000008006268                I2C_SlaveAddressConfig
                0x00000000080062a4                I2C_10BitAddressingModeCmd
                0x00000000080062e4                I2C_AutoEndCmd
                0x0000000008006324                I2C_ReloadCmd
                0x0000000008006364                I2C_NumberOfBytesConfig
                0x00000000080063a8                I2C_MasterRequestConfig
                0x00000000080063e8                I2C_GenerateSTART
                0x0000000008006428                I2C_GenerateSTOP
                0x0000000008006468                I2C_10BitAddressHeaderCmd
                0x00000000080064a8                I2C_AcknowledgeConfig
                0x00000000080064e8                I2C_GetAddressMatched
                0x0000000008006506                I2C_GetTransferDirection
                0x000000000800654c                I2C_TransferHandling
                0x00000000080065b4                I2C_SMBusAlertCmd
                0x00000000080065f4                I2C_ClockTimeoutCmd
                0x0000000008006634                I2C_ExtendedClockTimeoutCmd
                0x000000000800666e                I2C_IdleClockTimeoutCmd
                0x00000000080066ac                I2C_TimeoutAConfig
                0x00000000080066e8                I2C_TimeoutBConfig
                0x0000000008006730                I2C_CalculatePEC
                0x0000000008006770                I2C_PECRequestCmd
                0x00000000080067b0                I2C_GetPEC
                0x00000000080067c6                I2C_ReadRegister
                0x00000000080067f2                I2C_SendData
                0x0000000008006810                I2C_ReceiveData
                0x0000000008006826                I2C_DMACmd
                0x0000000008006860                I2C_GetFlagStatus
                0x00000000080068a8                I2C_ClearFlag
                0x00000000080068c0                I2C_GetITStatus
                0x0000000008006948                I2C_ClearITPendingBit
 .text          0x0000000008006960       0xf4 /f29bms/libs/stm32libs/STM32F0xx_StdPeriph_Driver/src/stm32f0xx_iwdg.o
                0x0000000008006960                IWDG_WriteAccessCmd
                0x0000000008006980                IWDG_SetPrescaler
                0x00000000080069a0                IWDG_SetReload
                0x00000000080069c0                IWDG_ReloadCounter
                0x00000000080069d8                IWDG_SetWindowValue
                0x00000000080069f8                IWDG_Enable
                0x0000000008006a10                IWDG_GetFlagStatus
 .text          0x0000000008006a54      0x128 /f29bms/libs/stm32libs/STM32F0xx_StdPeriph_Driver/src/stm32f0xx_misc.o
                0x0000000008006a54                NVIC_Init
                0x0000000008006b00                NVIC_SystemLPConfig
                0x0000000008006b48                SysTick_CLKSourceConfig
 .text          0x0000000008006b7c      0x26c /f29bms/libs/stm32libs/STM32F0xx_StdPeriph_Driver/src/stm32f0xx_pwr.o
                0x0000000008006b7c                PWR_DeInit
                0x0000000008006b9e                PWR_BackupAccessCmd
                0x0000000008006be0                PWR_PVDLevelConfig
                0x0000000008006c14                PWR_PVDCmd
                0x0000000008006c50                PWR_WakeUpPinCmd
                0x0000000008006c90                PWR_EnterSleepMode
                0x0000000008006ccc                PWR_EnterSTOPMode
                0x0000000008006d58                PWR_EnterSTANDBYMode
                0x0000000008006d88                PWR_GetFlagStatus
                0x0000000008006dc4                PWR_ClearFlag
 .text          0x0000000008006de8      0xcc4 /f29bms/libs/stm32libs/STM32F0xx_StdPeriph_Driver/src/stm32f0xx_rcc.o
                0x0000000008006de8                RCC_DeInit
                0x0000000008006e70                RCC_HSEConfig
                0x0000000008006e98                RCC_WaitForHSEStartUp
                0x0000000008006ef6                RCC_AdjustHSICalibrationValue
                0x0000000008006f34                RCC_HSICmd
                0x0000000008006f70                RCC_AdjustHSI14CalibrationValue
                0x0000000008006fac                RCC_HSI14Cmd
                0x0000000008006fe8                RCC_HSI14ADCRequestCmd
                0x0000000008007024                RCC_LSEConfig
                0x000000000800705c                RCC_LSEDriveConfig
                0x0000000008007088                RCC_LSICmd
                0x00000000080070c4                RCC_PLLConfig
                0x00000000080070fc                RCC_PLLCmd
                0x000000000800713c                RCC_HSI48Cmd
                0x000000000800717c                RCC_PREDIV1Config
                0x00000000080071b0                RCC_ClockSecuritySystemCmd
                0x00000000080071f0                RCC_MCOConfig
                0x0000000008007234                RCC_SYSCLKConfig
                0x0000000008007268                RCC_GetSYSCLKSource
                0x0000000008007284                RCC_HCLKConfig
                0x00000000080072b8                RCC_PCLKConfig
                0x00000000080072f0                RCC_ADCCLKConfig
                0x0000000008007344                RCC_CECCLKConfig
                0x0000000008007370                RCC_I2CCLKConfig
                0x000000000800739c                RCC_USARTCLKConfig
                0x0000000008007404                RCC_USBCLKConfig
                0x0000000008007430                RCC_GetClocksFreq
                0x0000000008007728                RCC_RTCCLKConfig
                0x0000000008007748                RCC_RTCCLKCmd
                0x0000000008007788                RCC_BackupResetCmd
                0x00000000080077c8                RCC_AHBPeriphClockCmd
                0x0000000008007808                RCC_APB2PeriphClockCmd
                0x0000000008007848                RCC_APB1PeriphClockCmd
                0x0000000008007888                RCC_AHBPeriphResetCmd
                0x00000000080078c8                RCC_APB2PeriphResetCmd
                0x0000000008007908                RCC_APB1PeriphResetCmd
                0x0000000008007948                RCC_ITConfig
                0x0000000008007998                RCC_GetFlagStatus
                0x0000000008007a2c                RCC_ClearFlag
                0x0000000008007a48                RCC_GetITStatus
                0x0000000008007a8c                RCC_ClearITPendingBit
 .text          0x0000000008007aac     0x1470 /f29bms/libs/stm32libs/STM32F0xx_StdPeriph_Driver/src/stm32f0xx_rtc.o
                0x0000000008007aac                RTC_DeInit
                0x0000000008007b54                RTC_Init
                0x0000000008007bd8                RTC_StructInit
                0x0000000008007bfa                RTC_WriteProtectionCmd
                0x0000000008007c30                RTC_EnterInitMode
                0x0000000008007cb0                RTC_ExitInitMode
                0x0000000008007ccc                RTC_WaitForSynchro
                0x0000000008007d60                RTC_RefClockCmd
                0x0000000008007dd8                RTC_BypassShadowCmd
                0x0000000008007e24                RTC_SetTime
                0x0000000008007f48                RTC_TimeStructInit
                0x0000000008007f70                RTC_GetTime
                0x0000000008008014                RTC_GetSubSecond
                0x0000000008008038                RTC_SetDate
                0x0000000008008168                RTC_DateStructInit
                0x0000000008008190                RTC_GetDate
                0x0000000008008234                RTC_SetAlarm
                0x0000000008008358                RTC_AlarmStructInit
                0x0000000008008392                RTC_GetAlarm
                0x000000000800846c                RTC_AlarmCmd
                0x0000000008008518                RTC_AlarmSubSecondConfig
                0x000000000800855c                RTC_GetAlarmSubSecond
                0x0000000008008580                RTC_WakeUpClockConfig
                0x00000000080085c0                RTC_SetWakeUpCounter
                0x00000000080085ec                RTC_GetWakeUpCounter
                0x0000000008008604                RTC_WakeUpCmd
                0x00000000080086b0                RTC_DayLightSavingConfig
                0x00000000080086f8                RTC_GetStoreOperation
                0x0000000008008710                RTC_OutputConfig
                0x0000000008008758                RTC_CalibOutputCmd
                0x00000000080087ac                RTC_CalibOutputConfig
                0x00000000080087f0                RTC_SmoothCalibConfig
                0x0000000008008884                RTC_TimeStampCmd
                0x00000000080088e8                RTC_GetTimeStamp
                0x0000000008008a08                RTC_GetTimeStampSubSecond
                0x0000000008008a1c                RTC_TamperTriggerConfig
                0x0000000008008a58                RTC_TamperCmd
                0x0000000008008a98                RTC_TamperFilterConfig
                0x0000000008008ac8                RTC_TamperSamplingFreqConfig
                0x0000000008008af8                RTC_TamperPinsPrechargeDuration
                0x0000000008008b28                RTC_TimeStampOnTamperDetectionCmd
                0x0000000008008b64                RTC_TamperPullUpCmd
                0x0000000008008ba4                RTC_WriteBackupRegister
                0x0000000008008bd4                RTC_ReadBackupRegister
                0x0000000008008c00                RTC_OutputTypeConfig
                0x0000000008008c30                RTC_SynchroShiftConfig
                0x0000000008008cdc                RTC_ITConfig
                0x0000000008008d58                RTC_GetFlagStatus
                0x0000000008008da4                RTC_ClearFlag
                0x0000000008008dd8                RTC_GetITStatus
                0x0000000008008e54                RTC_ClearITPendingBit
 .text          0x0000000008008f1c      0x9a4 /f29bms/libs/stm32libs/STM32F0xx_StdPeriph_Driver/src/stm32f0xx_spi.o
                0x0000000008008f1c                SPI_I2S_DeInit
                0x0000000008008f78                SPI_StructInit
                0x0000000008008fc0                SPI_Init
                0x00000000080090a4                I2S_StructInit
                0x00000000080090d8                I2S_Init
                0x0000000008009288                SPI_Cmd
                0x00000000080092c8                SPI_TIModeCmd
                0x0000000008009308                I2S_Cmd
                0x0000000008009350                SPI_DataSizeConfig
                0x000000000800939c                SPI_RxFIFOThresholdConfig
                0x00000000080093d8                SPI_BiDirectionalLineConfig
                0x0000000008009424                SPI_NSSInternalSoftwareConfig
                0x0000000008009470                SPI_SSOutputCmd
                0x00000000080094b0                SPI_NSSPulseModeCmd
                0x00000000080094f0                SPI_SendData8
                0x000000000800951c                SPI_I2S_SendData16
                0x000000000800953a                SPI_ReceiveData8
                0x000000000800955e                SPI_I2S_ReceiveData16
                0x0000000008009574                SPI_CRCLengthConfig
                0x00000000080095b0                SPI_CalculateCRC
                0x00000000080095f8                SPI_TransmitCRC
                0x000000000800961a                SPI_GetCRC
                0x000000000800965a                SPI_GetCRCPolynomial
                0x0000000008009670                SPI_I2S_DMACmd
                0x00000000080096c2                SPI_LastDMATransferCmd
                0x0000000008009700                SPI_I2S_ITConfig
                0x000000000800977c                SPI_GetTransmissionFIFOStatus
                0x000000000800979a                SPI_GetReceptionFIFOStatus
                0x00000000080097b8                SPI_I2S_GetFlagStatus
                0x00000000080097fe                SPI_I2S_ClearFlag
                0x0000000008009820                SPI_I2S_GetITStatus
 .text          0x00000000080098c0      0x258 /f29bms/libs/stm32libs/STM32F0xx_StdPeriph_Driver/src/stm32f0xx_syscfg.o
                0x00000000080098c0                SYSCFG_DeInit
                0x0000000008009900                SYSCFG_MemoryRemapConfig
                0x0000000008009934                SYSCFG_DMAChannelRemapConfig
                0x0000000008009974                SYSCFG_I2CFastModePlusConfig
                0x00000000080099b4                SYSCFG_IRDAEnvSelection
                0x00000000080099e0                SYSCFG_EXTILineConfig
                0x0000000008009a70                SYSCFG_GetPendingIT
                0x0000000008009a98                SYSCFG_BreakConfig
                0x0000000008009ab8                SYSCFG_GetFlagStatus
                0x0000000008009af8                SYSCFG_ClearFlag
 .text          0x0000000008009b18     0x216c /f29bms/libs/stm32libs/STM32F0xx_StdPeriph_Driver/src/stm32f0xx_tim.o
                0x0000000008009b18                TIM_DeInit
                0x0000000008009c5c                TIM_TimeBaseInit
                0x0000000008009d40                TIM_TimeBaseStructInit
                0x0000000008009d70                TIM_PrescalerConfig
                0x0000000008009da0                TIM_CounterModeConfig
                0x0000000008009de8                TIM_SetCounter
                0x0000000008009e00                TIM_SetAutoreload
                0x0000000008009e18                TIM_GetCounter
                0x0000000008009e2c                TIM_GetPrescaler
                0x0000000008009e42                TIM_UpdateDisableConfig
                0x0000000008009e82                TIM_UpdateRequestConfig
                0x0000000008009ec2                TIM_ARRPreloadConfig
                0x0000000008009f02                TIM_SelectOnePulseMode
                0x0000000008009f3a                TIM_SetClockDivision
                0x0000000008009f78                TIM_Cmd
                0x0000000008009fb8                TIM_BDTRConfig
                0x000000000800a004                TIM_BDTRStructInit
                0x000000000800a03e                TIM_CtrlPWMOutputs
                0x000000000800a08c                TIM_OC1Init
                0x000000000800a1fc                TIM_OC2Init
                0x000000000800a380                TIM_OC3Init
                0x000000000800a4f0                TIM_OC4Init
                0x000000000800a604                TIM_OCStructInit
                0x000000000800a644                TIM_SelectOCxM
                0x000000000800a714                TIM_SetCompare1
                0x000000000800a72c                TIM_SetCompare2
                0x000000000800a744                TIM_SetCompare3
                0x000000000800a75c                TIM_SetCompare4
                0x000000000800a774                TIM_ForcedOC1Config
                0x000000000800a7bc                TIM_ForcedOC2Config
                0x000000000800a80c                TIM_ForcedOC3Config
                0x000000000800a854                TIM_ForcedOC4Config
                0x000000000800a8a4                TIM_CCPreloadControl
                0x000000000800a8e4                TIM_OC1PreloadConfig
                0x000000000800a92c                TIM_OC2PreloadConfig
                0x000000000800a97c                TIM_OC3PreloadConfig
                0x000000000800a9c4                TIM_OC4PreloadConfig
                0x000000000800aa14                TIM_OC1FastConfig
                0x000000000800aa5c                TIM_OC2FastConfig
                0x000000000800aaac                TIM_OC3FastConfig
                0x000000000800aaf4                TIM_OC4FastConfig
                0x000000000800ab44                TIM_ClearOC1Ref
                0x000000000800ab8c                TIM_ClearOC2Ref
                0x000000000800abd8                TIM_ClearOC3Ref
                0x000000000800ac20                TIM_ClearOC4Ref
                0x000000000800ac6c                TIM_OC1PolarityConfig
                0x000000000800acb4                TIM_OC1NPolarityConfig
                0x000000000800acfc                TIM_OC2PolarityConfig
                0x000000000800ad48                TIM_OC2NPolarityConfig
                0x000000000800ad94                TIM_OC3PolarityConfig
                0x000000000800ade4                TIM_OC3NPolarityConfig
                0x000000000800ae34                TIM_OC4PolarityConfig
                0x000000000800ae84                TIM_SelectOCREFClear
                0x000000000800aebc                TIM_CCxCmd
                0x000000000800af22                TIM_CCxNCmd
                0x000000000800af88                TIM_SelectCOM
                0x000000000800afc8                TIM_ICInit
                0x000000000800b078                TIM_ICStructInit
                0x000000000800b0a6                TIM_PWMIConfig
                0x000000000800b190                TIM_GetCapture1
                0x000000000800b1a4                TIM_GetCapture2
                0x000000000800b1b8                TIM_GetCapture3
                0x000000000800b1cc                TIM_GetCapture4
                0x000000000800b1e0                TIM_SetIC1Prescaler
                0x000000000800b218                TIM_SetIC2Prescaler
                0x000000000800b258                TIM_SetIC3Prescaler
                0x000000000800b290                TIM_SetIC4Prescaler
                0x000000000800b2d0                TIM_ITConfig
                0x000000000800b322                TIM_GenerateEvent
                0x000000000800b340                TIM_GetFlagStatus
                0x000000000800b386                TIM_ClearFlag
                0x000000000800b3a8                TIM_GetITStatus
                0x000000000800b41c                TIM_ClearITPendingBit
                0x000000000800b43e                TIM_DMAConfig
                0x000000000800b470                TIM_DMACmd
                0x000000000800b4c2                TIM_SelectCCDMA
                0x000000000800b502                TIM_InternalClockConfig
                0x000000000800b522                TIM_ITRxExternalClockConfig
                0x000000000800b556                TIM_TIxExternalClockConfig
                0x000000000800b5d2                TIM_ETRClockMode1Config
                0x000000000800b65e                TIM_ETRClockMode2Config
                0x000000000800b6b0                TIM_SelectInputTrigger
                0x000000000800b6f8                TIM_SelectOutputTrigger
                0x000000000800b730                TIM_SelectSlaveMode
                0x000000000800b768                TIM_SelectMasterSlaveMode
                0x000000000800b7a0                TIM_ETRConfig
                0x000000000800b812                TIM_EncoderInterfaceConfig
                0x000000000800b8e8                TIM_SelectHallSensor
                0x000000000800b928                TIM_RemapConfig
 .text          0x000000000800bc84      0xd58 /f29bms/libs/stm32libs/STM32F0xx_StdPeriph_Driver/src/stm32f0xx_usart.o
                0x000000000800bc84                USART_DeInit
                0x000000000800bdac                USART_Init
                0x000000000800bf34                USART_StructInit
                0x000000000800bf6a                USART_ClockInit
                0x000000000800bfb4                USART_ClockStructInit
                0x000000000800bfdc                USART_Cmd
                0x000000000800c016                USART_DirectionModeCmd
                0x000000000800c050                USART_OverSampling8Cmd
                0x000000000800c090                USART_OneBitMethodCmd
                0x000000000800c0d0                USART_MSBFirstCmd
                0x000000000800c110                USART_DataInvCmd
                0x000000000800c150                USART_InvPinCmd
                0x000000000800c18a                USART_SWAPPinCmd
                0x000000000800c1c8                USART_ReceiverTimeOutCmd
                0x000000000800c208                USART_SetReceiverTimeOut
                0x000000000800c232                USART_SetPrescaler
                0x000000000800c26c                USART_STOPModeCmd
                0x000000000800c2a6                USART_StopModeWakeUpSourceConfig
                0x000000000800c2d4                USART_AutoBaudRateCmd
                0x000000000800c314                USART_AutoBaudRateConfig
                0x000000000800c344                USART_SendData
                0x000000000800c368                USART_ReceiveData
                0x000000000800c384                USART_SetAddress
                0x000000000800c3b6                USART_MuteModeCmd
                0x000000000800c3f4                USART_MuteModeWakeUpConfig
                0x000000000800c424                USART_AddressDetectionConfig
                0x000000000800c450                USART_LINBreakDetectLengthConfig
                0x000000000800c47c                USART_LINCmd
                0x000000000800c4bc                USART_HalfDuplexCmd
                0x000000000800c4f6                USART_SetGuardTime
                0x000000000800c534                USART_SmartCardCmd
                0x000000000800c56e                USART_SmartCardNACKCmd
                0x000000000800c5a8                USART_SetAutoRetryCount
                0x000000000800c5e0                USART_SetBlockLength
                0x000000000800c612                USART_IrDAConfig
                0x000000000800c63e                USART_IrDACmd
                0x000000000800c678                USART_DECmd
                0x000000000800c6b8                USART_DEPolarityConfig
                0x000000000800c6e8                USART_SetDEAssertionTime
                0x000000000800c718                USART_SetDEDeassertionTime
                0x000000000800c748                USART_DMACmd
                0x000000000800c782                USART_DMAReceptionErrorConfig
                0x000000000800c7b0                USART_ITConfig
                0x000000000800c834                USART_RequestCmd
                0x000000000800c87c                USART_OverrunDetectionConfig
                0x000000000800c8ac                USART_GetFlagStatus
                0x000000000800c8e6                USART_ClearFlag
                0x000000000800c8fe                USART_GetITStatus
                0x000000000800c9ac                USART_ClearITPendingBit
 .text          0x000000000800c9dc      0x144 /f29bms/libs/stm32libs/STM32F0xx_StdPeriph_Driver/src/stm32f0xx_wwdg.o
                0x000000000800c9dc                WWDG_DeInit
                0x000000000800c9fe                WWDG_SetPrescaler
                0x000000000800ca34                WWDG_SetWindowValue
                0x000000000800ca70                WWDG_EnableIT
                0x000000000800ca8c                WWDG_SetCounter
                0x000000000800cab0                WWDG_Enable
                0x000000000800cad8                WWDG_GetFlagStatus
                0x000000000800cb0c                WWDG_ClearFlag
 .text          0x000000000800cb20      0x258 /f29bms/libs/stm32libs/CMSIS/Device/ST/STM32F0xx/Source/Templates/system_stm32f0xx.o
                0x000000000800cb20                SystemInit
                0x000000000800cbac                SystemCoreClockUpdate
 .text          0x000000000800cd78       0x14 /f29bms/libs/stm32libs/CMSIS/Device/ST/STM32F0xx/Source/Templates/gcc_ride7/startup_stm32f0xx.o
 .text          0x000000000800cd8c     0xaed8 /f29bms/src/app/CAN/STM32_f29bms_dbc.o
                0x000000000800d1e6                f29bms_dbc_bms_status_pack
                0x000000000800d276                f29bms_dbc_bms_status_unpack
                0x000000000800d2de                f29bms_dbc_bms_status_bms_status_soc_encode
                0x000000000800d2fc                f29bms_dbc_bms_status_bms_status_soc_decode
                0x000000000800d320                f29bms_dbc_bms_status_bms_status_soc_is_in_range
                0x000000000800d342                f29bms_dbc_bms_status_bms_status_soc_raw_encode
                0x000000000800d360                f29bms_dbc_bms_status_bms_status_soc_raw_decode
                0x000000000800d384                f29bms_dbc_bms_status_bms_status_soc_raw_is_in_range
                0x000000000800d3a6                f29bms_dbc_bms_status_bms_status_charge_state_encode
                0x000000000800d3c4                f29bms_dbc_bms_status_bms_status_charge_state_decode
                0x000000000800d3e8                f29bms_dbc_bms_status_bms_status_charge_state_is_in_range
                0x000000000800d40a                f29bms_dbc_bms_fault_vector_pack
                0x000000000800d58e                f29bms_dbc_bms_fault_vector_unpack
                0x000000000800d6a8                f29bms_dbc_bms_fault_vector_bms_fault_vector_slave_comm_cells_encode
                0x000000000800d6c6                f29bms_dbc_bms_fault_vector_bms_fault_vector_slave_comm_cells_decode
                0x000000000800d6ea                f29bms_dbc_bms_fault_vector_bms_fault_vector_slave_comm_cells_is_in_range
                0x000000000800d70c                f29bms_dbc_bms_fault_vector_bms_fault_vector_slave_comm_temps_encode
                0x000000000800d72a                f29bms_dbc_bms_fault_vector_bms_fault_vector_slave_comm_temps_decode
                0x000000000800d74e                f29bms_dbc_bms_fault_vector_bms_fault_vector_slave_comm_temps_is_in_range
                0x000000000800d770                f29bms_dbc_bms_fault_vector_bms_fault_vector_slave_comm_drain_request_encode
                0x000000000800d78e                f29bms_dbc_bms_fault_vector_bms_fault_vector_slave_comm_drain_request_decode
                0x000000000800d7b2                f29bms_dbc_bms_fault_vector_bms_fault_vector_slave_comm_drain_request_is_in_range
                0x000000000800d7d4                f29bms_dbc_bms_fault_vector_bms_fault_vector_current_sensor_comm_encode
                0x000000000800d7f2                f29bms_dbc_bms_fault_vector_bms_fault_vector_current_sensor_comm_decode
                0x000000000800d816                f29bms_dbc_bms_fault_vector_bms_fault_vector_current_sensor_comm_is_in_range
                0x000000000800d838                f29bms_dbc_bms_fault_vector_bms_fault_vector_over_current_encode
                0x000000000800d856                f29bms_dbc_bms_fault_vector_bms_fault_vector_over_current_decode
                0x000000000800d87a                f29bms_dbc_bms_fault_vector_bms_fault_vector_over_current_is_in_range
                0x000000000800d89c                f29bms_dbc_bms_fault_vector_bms_fault_vector_cell_voltage_irrational_encode
                0x000000000800d8ba                f29bms_dbc_bms_fault_vector_bms_fault_vector_cell_voltage_irrational_decode
                0x000000000800d8de                f29bms_dbc_bms_fault_vector_bms_fault_vector_cell_voltage_irrational_is_in_range
                0x000000000800d900                f29bms_dbc_bms_fault_vector_bms_fault_vector_cell_voltage_diff_encode
                0x000000000800d91e                f29bms_dbc_bms_fault_vector_bms_fault_vector_cell_voltage_diff_decode
                0x000000000800d942                f29bms_dbc_bms_fault_vector_bms_fault_vector_cell_voltage_diff_is_in_range
                0x000000000800d964                f29bms_dbc_bms_fault_vector_bms_fault_vector_out_of_juice_encode
                0x000000000800d982                f29bms_dbc_bms_fault_vector_bms_fault_vector_out_of_juice_decode
                0x000000000800d9a6                f29bms_dbc_bms_fault_vector_bms_fault_vector_out_of_juice_is_in_range
                0x000000000800d9c8                f29bms_dbc_bms_fault_vector_bms_fault_vector_temperature_irrational_encode
                0x000000000800d9e6                f29bms_dbc_bms_fault_vector_bms_fault_vector_temperature_irrational_decode
                0x000000000800da0a                f29bms_dbc_bms_fault_vector_bms_fault_vector_temperature_irrational_is_in_range
                0x000000000800da2c                f29bms_dbc_bms_fault_vector_bms_fault_vector_over_temperature_encode
                0x000000000800da4a                f29bms_dbc_bms_fault_vector_bms_fault_vector_over_temperature_decode
                0x000000000800da6e                f29bms_dbc_bms_fault_vector_bms_fault_vector_over_temperature_is_in_range
                0x000000000800da90                f29bms_dbc_bms_fault_vector_bms_fault_vector_drain_failure_encode
                0x000000000800daae                f29bms_dbc_bms_fault_vector_bms_fault_vector_drain_failure_decode
                0x000000000800dad2                f29bms_dbc_bms_fault_vector_bms_fault_vector_drain_failure_is_in_range
                0x000000000800daf4                f29bms_dbc_bms_fault_alert_pack
                0x000000000800dedc                f29bms_dbc_bms_fault_alert_unpack
                0x000000000800e224                f29bms_dbc_bms_fault_alert_bms_fault_alert_code_encode
                0x000000000800e242                f29bms_dbc_bms_fault_alert_bms_fault_alert_code_decode
                0x000000000800e266                f29bms_dbc_bms_fault_alert_bms_fault_alert_code_is_in_range
                0x000000000800e288                f29bms_dbc_bms_fault_alert_bms_fault_alert_cell_comm_slave_board_num_encode
                0x000000000800e2a6                f29bms_dbc_bms_fault_alert_bms_fault_alert_cell_comm_slave_board_num_decode
                0x000000000800e2ca                f29bms_dbc_bms_fault_alert_bms_fault_alert_cell_comm_slave_board_num_is_in_range
                0x000000000800e2e0                f29bms_dbc_bms_fault_alert_bms_fault_alert_temp_comm_slave_board_num_encode
                0x000000000800e2fe                f29bms_dbc_bms_fault_alert_bms_fault_alert_temp_comm_slave_board_num_decode
                0x000000000800e322                f29bms_dbc_bms_fault_alert_bms_fault_alert_temp_comm_slave_board_num_is_in_range
                0x000000000800e338                f29bms_dbc_bms_fault_alert_bms_fault_alert_drain_comm_slave_board_num_encode
                0x000000000800e356                f29bms_dbc_bms_fault_alert_bms_fault_alert_drain_comm_slave_board_num_decode
                0x000000000800e37a                f29bms_dbc_bms_fault_alert_bms_fault_alert_drain_comm_slave_board_num_is_in_range
                0x000000000800e390                f29bms_dbc_bms_fault_alert_bms_fault_alert_adc_error_code_encode
                0x000000000800e3ae                f29bms_dbc_bms_fault_alert_bms_fault_alert_adc_error_code_decode
                0x000000000800e3d2                f29bms_dbc_bms_fault_alert_bms_fault_alert_adc_error_code_is_in_range
                0x000000000800e3e8                f29bms_dbc_bms_fault_alert_bms_fault_alert_current_encode
                0x000000000800e41c                f29bms_dbc_bms_fault_alert_bms_fault_alert_current_decode
                0x000000000800e448                f29bms_dbc_bms_fault_alert_bms_fault_alert_current_is_in_range
                0x000000000800e468                f29bms_dbc_bms_fault_alert_bms_fault_alert_irrational_voltage_encode
                0x000000000800e4a0                f29bms_dbc_bms_fault_alert_bms_fault_alert_irrational_voltage_decode
                0x000000000800e4d4                f29bms_dbc_bms_fault_alert_bms_fault_alert_irrational_voltage_is_in_range
                0x000000000800e4f8                f29bms_dbc_bms_fault_alert_bms_fault_alert_voltage_diff_encode
                0x000000000800e530                f29bms_dbc_bms_fault_alert_bms_fault_alert_voltage_diff_decode
                0x000000000800e564                f29bms_dbc_bms_fault_alert_bms_fault_alert_voltage_diff_is_in_range
                0x000000000800e588                f29bms_dbc_bms_fault_alert_bms_fault_alert_lowest_cell_voltage_encode
                0x000000000800e5c0                f29bms_dbc_bms_fault_alert_bms_fault_alert_lowest_cell_voltage_decode
                0x000000000800e5f4                f29bms_dbc_bms_fault_alert_bms_fault_alert_lowest_cell_voltage_is_in_range
                0x000000000800e618                f29bms_dbc_bms_fault_alert_bms_fault_alert_irrational_temperature_encode
                0x000000000800e650                f29bms_dbc_bms_fault_alert_bms_fault_alert_irrational_temperature_decode
                0x000000000800e684                f29bms_dbc_bms_fault_alert_bms_fault_alert_irrational_temperature_is_in_range
                0x000000000800e6a6                f29bms_dbc_bms_fault_alert_bms_fault_alert_over_temperature_encode
                0x000000000800e6dc                f29bms_dbc_bms_fault_alert_bms_fault_alert_over_temperature_decode
                0x000000000800e710                f29bms_dbc_bms_fault_alert_bms_fault_alert_over_temperature_is_in_range
                0x000000000800e732                f29bms_dbc_bms_fault_alert_bms_fault_alert_failed_drain_cell_encode
                0x000000000800e750                f29bms_dbc_bms_fault_alert_bms_fault_alert_failed_drain_cell_decode
                0x000000000800e774                f29bms_dbc_bms_fault_alert_bms_fault_alert_failed_drain_cell_is_in_range
                0x000000000800e78a                f29bms_dbc_bms_voltages_pack
                0x00000000080100fa                f29bms_dbc_bms_voltages_unpack
                0x0000000008011694                f29bms_dbc_bms_voltages_bms_voltages_mux_encode
                0x00000000080116b2                f29bms_dbc_bms_voltages_bms_voltages_mux_decode
                0x00000000080116d6                f29bms_dbc_bms_voltages_bms_voltages_mux_is_in_range
                0x00000000080116ec                f29bms_dbc_bms_voltages_bms_voltages_cell0_encode
                0x0000000008011724                f29bms_dbc_bms_voltages_bms_voltages_cell0_decode
                0x0000000008011758                f29bms_dbc_bms_voltages_bms_voltages_cell0_is_in_range
                0x000000000801177c                f29bms_dbc_bms_voltages_bms_voltages_cell6_encode
                0x00000000080117b4                f29bms_dbc_bms_voltages_bms_voltages_cell6_decode
                0x00000000080117e8                f29bms_dbc_bms_voltages_bms_voltages_cell6_is_in_range
                0x000000000801180c                f29bms_dbc_bms_voltages_bms_voltages_cell12_encode
                0x0000000008011844                f29bms_dbc_bms_voltages_bms_voltages_cell12_decode
                0x0000000008011878                f29bms_dbc_bms_voltages_bms_voltages_cell12_is_in_range
                0x000000000801189c                f29bms_dbc_bms_voltages_bms_voltages_cell18_encode
                0x00000000080118d4                f29bms_dbc_bms_voltages_bms_voltages_cell18_decode
                0x0000000008011908                f29bms_dbc_bms_voltages_bms_voltages_cell18_is_in_range
                0x000000000801192c                f29bms_dbc_bms_voltages_bms_voltages_cell24_encode
                0x0000000008011964                f29bms_dbc_bms_voltages_bms_voltages_cell24_decode
                0x0000000008011998                f29bms_dbc_bms_voltages_bms_voltages_cell24_is_in_range
                0x00000000080119bc                f29bms_dbc_bms_voltages_bms_voltages_cell30_encode
                0x00000000080119f4                f29bms_dbc_bms_voltages_bms_voltages_cell30_decode
                0x0000000008011a28                f29bms_dbc_bms_voltages_bms_voltages_cell30_is_in_range
                0x0000000008011a4c                f29bms_dbc_bms_voltages_bms_voltages_cell36_encode
                0x0000000008011a84                f29bms_dbc_bms_voltages_bms_voltages_cell36_decode
                0x0000000008011ab8                f29bms_dbc_bms_voltages_bms_voltages_cell36_is_in_range
                0x0000000008011adc                f29bms_dbc_bms_voltages_bms_voltages_cell42_encode
                0x0000000008011b14                f29bms_dbc_bms_voltages_bms_voltages_cell42_decode
                0x0000000008011b48                f29bms_dbc_bms_voltages_bms_voltages_cell42_is_in_range
                0x0000000008011b6c                f29bms_dbc_bms_voltages_bms_voltages_cell48_encode
                0x0000000008011ba4                f29bms_dbc_bms_voltages_bms_voltages_cell48_decode
                0x0000000008011bd8                f29bms_dbc_bms_voltages_bms_voltages_cell48_is_in_range
                0x0000000008011bfc                f29bms_dbc_bms_voltages_bms_voltages_cell54_encode
                0x0000000008011c34                f29bms_dbc_bms_voltages_bms_voltages_cell54_decode
                0x0000000008011c68                f29bms_dbc_bms_voltages_bms_voltages_cell54_is_in_range
                0x0000000008011c8c                f29bms_dbc_bms_voltages_bms_voltages_cell60_encode
                0x0000000008011cc4                f29bms_dbc_bms_voltages_bms_voltages_cell60_decode
                0x0000000008011cf8                f29bms_dbc_bms_voltages_bms_voltages_cell60_is_in_range
                0x0000000008011d1c                f29bms_dbc_bms_voltages_bms_voltages_cell66_encode
                0x0000000008011d54                f29bms_dbc_bms_voltages_bms_voltages_cell66_decode
                0x0000000008011d88                f29bms_dbc_bms_voltages_bms_voltages_cell66_is_in_range
                0x0000000008011dac                f29bms_dbc_bms_voltages_bms_voltages_cell72_encode
                0x0000000008011de4                f29bms_dbc_bms_voltages_bms_voltages_cell72_decode
                0x0000000008011e18                f29bms_dbc_bms_voltages_bms_voltages_cell72_is_in_range
                0x0000000008011e3c                f29bms_dbc_bms_voltages_bms_voltages_cell78_encode
                0x0000000008011e74                f29bms_dbc_bms_voltages_bms_voltages_cell78_decode
                0x0000000008011ea8                f29bms_dbc_bms_voltages_bms_voltages_cell78_is_in_range
                0x0000000008011ecc                f29bms_dbc_bms_voltages_bms_voltages_cell84_encode
                0x0000000008011f04                f29bms_dbc_bms_voltages_bms_voltages_cell84_decode
                0x0000000008011f38                f29bms_dbc_bms_voltages_bms_voltages_cell84_is_in_range
                0x0000000008011f5c                f29bms_dbc_bms_voltages_bms_voltages_cell1_encode
                0x0000000008011f94                f29bms_dbc_bms_voltages_bms_voltages_cell1_decode
                0x0000000008011fc8                f29bms_dbc_bms_voltages_bms_voltages_cell1_is_in_range
                0x0000000008011fec                f29bms_dbc_bms_voltages_bms_voltages_cell7_encode
                0x0000000008012024                f29bms_dbc_bms_voltages_bms_voltages_cell7_decode
                0x0000000008012058                f29bms_dbc_bms_voltages_bms_voltages_cell7_is_in_range
                0x000000000801207c                f29bms_dbc_bms_voltages_bms_voltages_cell13_encode
                0x00000000080120b4                f29bms_dbc_bms_voltages_bms_voltages_cell13_decode
                0x00000000080120e8                f29bms_dbc_bms_voltages_bms_voltages_cell13_is_in_range
                0x000000000801210c                f29bms_dbc_bms_voltages_bms_voltages_cell19_encode
                0x0000000008012144                f29bms_dbc_bms_voltages_bms_voltages_cell19_decode
                0x0000000008012178                f29bms_dbc_bms_voltages_bms_voltages_cell19_is_in_range
                0x000000000801219c                f29bms_dbc_bms_voltages_bms_voltages_cell25_encode
                0x00000000080121d4                f29bms_dbc_bms_voltages_bms_voltages_cell25_decode
                0x0000000008012208                f29bms_dbc_bms_voltages_bms_voltages_cell25_is_in_range
                0x000000000801222c                f29bms_dbc_bms_voltages_bms_voltages_cell31_encode
                0x0000000008012264                f29bms_dbc_bms_voltages_bms_voltages_cell31_decode
                0x0000000008012298                f29bms_dbc_bms_voltages_bms_voltages_cell31_is_in_range
                0x00000000080122bc                f29bms_dbc_bms_voltages_bms_voltages_cell37_encode
                0x00000000080122f4                f29bms_dbc_bms_voltages_bms_voltages_cell37_decode
                0x0000000008012328                f29bms_dbc_bms_voltages_bms_voltages_cell37_is_in_range
                0x000000000801234c                f29bms_dbc_bms_voltages_bms_voltages_cell43_encode
                0x0000000008012384                f29bms_dbc_bms_voltages_bms_voltages_cell43_decode
                0x00000000080123b8                f29bms_dbc_bms_voltages_bms_voltages_cell43_is_in_range
                0x00000000080123dc                f29bms_dbc_bms_voltages_bms_voltages_cell49_encode
                0x0000000008012414                f29bms_dbc_bms_voltages_bms_voltages_cell49_decode
                0x0000000008012448                f29bms_dbc_bms_voltages_bms_voltages_cell49_is_in_range
                0x000000000801246c                f29bms_dbc_bms_voltages_bms_voltages_cell55_encode
                0x00000000080124a4                f29bms_dbc_bms_voltages_bms_voltages_cell55_decode
                0x00000000080124d8                f29bms_dbc_bms_voltages_bms_voltages_cell55_is_in_range
                0x00000000080124fc                f29bms_dbc_bms_voltages_bms_voltages_cell61_encode
                0x0000000008012534                f29bms_dbc_bms_voltages_bms_voltages_cell61_decode
                0x0000000008012568                f29bms_dbc_bms_voltages_bms_voltages_cell61_is_in_range
                0x000000000801258c                f29bms_dbc_bms_voltages_bms_voltages_cell67_encode
                0x00000000080125c4                f29bms_dbc_bms_voltages_bms_voltages_cell67_decode
                0x00000000080125f8                f29bms_dbc_bms_voltages_bms_voltages_cell67_is_in_range
                0x000000000801261c                f29bms_dbc_bms_voltages_bms_voltages_cell73_encode
                0x0000000008012654                f29bms_dbc_bms_voltages_bms_voltages_cell73_decode
                0x0000000008012688                f29bms_dbc_bms_voltages_bms_voltages_cell73_is_in_range
                0x00000000080126ac                f29bms_dbc_bms_voltages_bms_voltages_cell79_encode
                0x00000000080126e4                f29bms_dbc_bms_voltages_bms_voltages_cell79_decode
                0x0000000008012718                f29bms_dbc_bms_voltages_bms_voltages_cell79_is_in_range
                0x000000000801273c                f29bms_dbc_bms_voltages_bms_voltages_cell85_encode
                0x0000000008012774                f29bms_dbc_bms_voltages_bms_voltages_cell85_decode
                0x00000000080127a8                f29bms_dbc_bms_voltages_bms_voltages_cell85_is_in_range
                0x00000000080127cc                f29bms_dbc_bms_voltages_bms_voltages_cell2_encode
                0x0000000008012804                f29bms_dbc_bms_voltages_bms_voltages_cell2_decode
                0x0000000008012838                f29bms_dbc_bms_voltages_bms_voltages_cell2_is_in_range
                0x000000000801285c                f29bms_dbc_bms_voltages_bms_voltages_cell8_encode
                0x0000000008012894                f29bms_dbc_bms_voltages_bms_voltages_cell8_decode
                0x00000000080128c8                f29bms_dbc_bms_voltages_bms_voltages_cell8_is_in_range
                0x00000000080128ec                f29bms_dbc_bms_voltages_bms_voltages_cell14_encode
                0x0000000008012924                f29bms_dbc_bms_voltages_bms_voltages_cell14_decode
                0x0000000008012958                f29bms_dbc_bms_voltages_bms_voltages_cell14_is_in_range
                0x000000000801297c                f29bms_dbc_bms_voltages_bms_voltages_cell20_encode
                0x00000000080129b4                f29bms_dbc_bms_voltages_bms_voltages_cell20_decode
                0x00000000080129e8                f29bms_dbc_bms_voltages_bms_voltages_cell20_is_in_range
                0x0000000008012a0c                f29bms_dbc_bms_voltages_bms_voltages_cell26_encode
                0x0000000008012a44                f29bms_dbc_bms_voltages_bms_voltages_cell26_decode
                0x0000000008012a78                f29bms_dbc_bms_voltages_bms_voltages_cell26_is_in_range
                0x0000000008012a9c                f29bms_dbc_bms_voltages_bms_voltages_cell32_encode
                0x0000000008012ad4                f29bms_dbc_bms_voltages_bms_voltages_cell32_decode
                0x0000000008012b08                f29bms_dbc_bms_voltages_bms_voltages_cell32_is_in_range
                0x0000000008012b2c                f29bms_dbc_bms_voltages_bms_voltages_cell38_encode
                0x0000000008012b64                f29bms_dbc_bms_voltages_bms_voltages_cell38_decode
                0x0000000008012b98                f29bms_dbc_bms_voltages_bms_voltages_cell38_is_in_range
                0x0000000008012bbc                f29bms_dbc_bms_voltages_bms_voltages_cell44_encode
                0x0000000008012bf4                f29bms_dbc_bms_voltages_bms_voltages_cell44_decode
                0x0000000008012c28                f29bms_dbc_bms_voltages_bms_voltages_cell44_is_in_range
                0x0000000008012c4c                f29bms_dbc_bms_voltages_bms_voltages_cell50_encode
                0x0000000008012c84                f29bms_dbc_bms_voltages_bms_voltages_cell50_decode
                0x0000000008012cb8                f29bms_dbc_bms_voltages_bms_voltages_cell50_is_in_range
                0x0000000008012cdc                f29bms_dbc_bms_voltages_bms_voltages_cell56_encode
                0x0000000008012d14                f29bms_dbc_bms_voltages_bms_voltages_cell56_decode
                0x0000000008012d48                f29bms_dbc_bms_voltages_bms_voltages_cell56_is_in_range
                0x0000000008012d6c                f29bms_dbc_bms_voltages_bms_voltages_cell62_encode
                0x0000000008012da4                f29bms_dbc_bms_voltages_bms_voltages_cell62_decode
                0x0000000008012dd8                f29bms_dbc_bms_voltages_bms_voltages_cell62_is_in_range
                0x0000000008012dfc                f29bms_dbc_bms_voltages_bms_voltages_cell68_encode
                0x0000000008012e34                f29bms_dbc_bms_voltages_bms_voltages_cell68_decode
                0x0000000008012e68                f29bms_dbc_bms_voltages_bms_voltages_cell68_is_in_range
                0x0000000008012e8c                f29bms_dbc_bms_voltages_bms_voltages_cell74_encode
                0x0000000008012ec4                f29bms_dbc_bms_voltages_bms_voltages_cell74_decode
                0x0000000008012ef8                f29bms_dbc_bms_voltages_bms_voltages_cell74_is_in_range
                0x0000000008012f1c                f29bms_dbc_bms_voltages_bms_voltages_cell80_encode
                0x0000000008012f54                f29bms_dbc_bms_voltages_bms_voltages_cell80_decode
                0x0000000008012f88                f29bms_dbc_bms_voltages_bms_voltages_cell80_is_in_range
                0x0000000008012fac                f29bms_dbc_bms_voltages_bms_voltages_cell86_encode
                0x0000000008012fe4                f29bms_dbc_bms_voltages_bms_voltages_cell86_decode
                0x0000000008013018                f29bms_dbc_bms_voltages_bms_voltages_cell86_is_in_range
                0x000000000801303c                f29bms_dbc_bms_voltages_bms_voltages_cell3_encode
                0x0000000008013074                f29bms_dbc_bms_voltages_bms_voltages_cell3_decode
                0x00000000080130a8                f29bms_dbc_bms_voltages_bms_voltages_cell3_is_in_range
                0x00000000080130cc                f29bms_dbc_bms_voltages_bms_voltages_cell9_encode
                0x0000000008013104                f29bms_dbc_bms_voltages_bms_voltages_cell9_decode
                0x0000000008013138                f29bms_dbc_bms_voltages_bms_voltages_cell9_is_in_range
                0x000000000801315c                f29bms_dbc_bms_voltages_bms_voltages_cell15_encode
                0x0000000008013194                f29bms_dbc_bms_voltages_bms_voltages_cell15_decode
                0x00000000080131c8                f29bms_dbc_bms_voltages_bms_voltages_cell15_is_in_range
                0x00000000080131ec                f29bms_dbc_bms_voltages_bms_voltages_cell21_encode
                0x0000000008013224                f29bms_dbc_bms_voltages_bms_voltages_cell21_decode
                0x0000000008013258                f29bms_dbc_bms_voltages_bms_voltages_cell21_is_in_range
                0x000000000801327c                f29bms_dbc_bms_voltages_bms_voltages_cell27_encode
                0x00000000080132b4                f29bms_dbc_bms_voltages_bms_voltages_cell27_decode
                0x00000000080132e8                f29bms_dbc_bms_voltages_bms_voltages_cell27_is_in_range
                0x000000000801330c                f29bms_dbc_bms_voltages_bms_voltages_cell33_encode
                0x0000000008013344                f29bms_dbc_bms_voltages_bms_voltages_cell33_decode
                0x0000000008013378                f29bms_dbc_bms_voltages_bms_voltages_cell33_is_in_range
                0x000000000801339c                f29bms_dbc_bms_voltages_bms_voltages_cell39_encode
                0x00000000080133d4                f29bms_dbc_bms_voltages_bms_voltages_cell39_decode
                0x0000000008013408                f29bms_dbc_bms_voltages_bms_voltages_cell39_is_in_range
                0x000000000801342c                f29bms_dbc_bms_voltages_bms_voltages_cell45_encode
                0x0000000008013464                f29bms_dbc_bms_voltages_bms_voltages_cell45_decode
                0x0000000008013498                f29bms_dbc_bms_voltages_bms_voltages_cell45_is_in_range
                0x00000000080134bc                f29bms_dbc_bms_voltages_bms_voltages_cell51_encode
                0x00000000080134f4                f29bms_dbc_bms_voltages_bms_voltages_cell51_decode
                0x0000000008013528                f29bms_dbc_bms_voltages_bms_voltages_cell51_is_in_range
                0x000000000801354c                f29bms_dbc_bms_voltages_bms_voltages_cell57_encode
                0x0000000008013584                f29bms_dbc_bms_voltages_bms_voltages_cell57_decode
                0x00000000080135b8                f29bms_dbc_bms_voltages_bms_voltages_cell57_is_in_range
                0x00000000080135dc                f29bms_dbc_bms_voltages_bms_voltages_cell63_encode
                0x0000000008013614                f29bms_dbc_bms_voltages_bms_voltages_cell63_decode
                0x0000000008013648                f29bms_dbc_bms_voltages_bms_voltages_cell63_is_in_range
                0x000000000801366c                f29bms_dbc_bms_voltages_bms_voltages_cell69_encode
                0x00000000080136a4                f29bms_dbc_bms_voltages_bms_voltages_cell69_decode
                0x00000000080136d8                f29bms_dbc_bms_voltages_bms_voltages_cell69_is_in_range
                0x00000000080136fc                f29bms_dbc_bms_voltages_bms_voltages_cell75_encode
                0x0000000008013734                f29bms_dbc_bms_voltages_bms_voltages_cell75_decode
                0x0000000008013768                f29bms_dbc_bms_voltages_bms_voltages_cell75_is_in_range
                0x000000000801378c                f29bms_dbc_bms_voltages_bms_voltages_cell81_encode
                0x00000000080137c4                f29bms_dbc_bms_voltages_bms_voltages_cell81_decode
                0x00000000080137f8                f29bms_dbc_bms_voltages_bms_voltages_cell81_is_in_range
                0x000000000801381c                f29bms_dbc_bms_voltages_bms_voltages_cell87_encode
                0x0000000008013854                f29bms_dbc_bms_voltages_bms_voltages_cell87_decode
                0x0000000008013888                f29bms_dbc_bms_voltages_bms_voltages_cell87_is_in_range
                0x00000000080138ac                f29bms_dbc_bms_voltages_bms_voltages_cell4_encode
                0x00000000080138e4                f29bms_dbc_bms_voltages_bms_voltages_cell4_decode
                0x0000000008013918                f29bms_dbc_bms_voltages_bms_voltages_cell4_is_in_range
                0x000000000801393c                f29bms_dbc_bms_voltages_bms_voltages_cell10_encode
                0x0000000008013974                f29bms_dbc_bms_voltages_bms_voltages_cell10_decode
                0x00000000080139a8                f29bms_dbc_bms_voltages_bms_voltages_cell10_is_in_range
                0x00000000080139cc                f29bms_dbc_bms_voltages_bms_voltages_cell16_encode
                0x0000000008013a04                f29bms_dbc_bms_voltages_bms_voltages_cell16_decode
                0x0000000008013a38                f29bms_dbc_bms_voltages_bms_voltages_cell16_is_in_range
                0x0000000008013a5c                f29bms_dbc_bms_voltages_bms_voltages_cell22_encode
                0x0000000008013a94                f29bms_dbc_bms_voltages_bms_voltages_cell22_decode
                0x0000000008013ac8                f29bms_dbc_bms_voltages_bms_voltages_cell22_is_in_range
                0x0000000008013aec                f29bms_dbc_bms_voltages_bms_voltages_cell28_encode
                0x0000000008013b24                f29bms_dbc_bms_voltages_bms_voltages_cell28_decode
                0x0000000008013b58                f29bms_dbc_bms_voltages_bms_voltages_cell28_is_in_range
                0x0000000008013b7c                f29bms_dbc_bms_voltages_bms_voltages_cell34_encode
                0x0000000008013bb4                f29bms_dbc_bms_voltages_bms_voltages_cell34_decode
                0x0000000008013be8                f29bms_dbc_bms_voltages_bms_voltages_cell34_is_in_range
                0x0000000008013c0c                f29bms_dbc_bms_voltages_bms_voltages_cell40_encode
                0x0000000008013c44                f29bms_dbc_bms_voltages_bms_voltages_cell40_decode
                0x0000000008013c78                f29bms_dbc_bms_voltages_bms_voltages_cell40_is_in_range
                0x0000000008013c9c                f29bms_dbc_bms_voltages_bms_voltages_cell46_encode
                0x0000000008013cd4                f29bms_dbc_bms_voltages_bms_voltages_cell46_decode
                0x0000000008013d08                f29bms_dbc_bms_voltages_bms_voltages_cell46_is_in_range
                0x0000000008013d2c                f29bms_dbc_bms_voltages_bms_voltages_cell52_encode
                0x0000000008013d64                f29bms_dbc_bms_voltages_bms_voltages_cell52_decode
                0x0000000008013d98                f29bms_dbc_bms_voltages_bms_voltages_cell52_is_in_range
                0x0000000008013dbc                f29bms_dbc_bms_voltages_bms_voltages_cell58_encode
                0x0000000008013df4                f29bms_dbc_bms_voltages_bms_voltages_cell58_decode
                0x0000000008013e28                f29bms_dbc_bms_voltages_bms_voltages_cell58_is_in_range
                0x0000000008013e4c                f29bms_dbc_bms_voltages_bms_voltages_cell64_encode
                0x0000000008013e84                f29bms_dbc_bms_voltages_bms_voltages_cell64_decode
                0x0000000008013eb8                f29bms_dbc_bms_voltages_bms_voltages_cell64_is_in_range
                0x0000000008013edc                f29bms_dbc_bms_voltages_bms_voltages_cell70_encode
                0x0000000008013f14                f29bms_dbc_bms_voltages_bms_voltages_cell70_decode
                0x0000000008013f48                f29bms_dbc_bms_voltages_bms_voltages_cell70_is_in_range
                0x0000000008013f6c                f29bms_dbc_bms_voltages_bms_voltages_cell76_encode
                0x0000000008013fa4                f29bms_dbc_bms_voltages_bms_voltages_cell76_decode
                0x0000000008013fd8                f29bms_dbc_bms_voltages_bms_voltages_cell76_is_in_range
                0x0000000008013ffc                f29bms_dbc_bms_voltages_bms_voltages_cell82_encode
                0x0000000008014034                f29bms_dbc_bms_voltages_bms_voltages_cell82_decode
                0x0000000008014068                f29bms_dbc_bms_voltages_bms_voltages_cell82_is_in_range
                0x000000000801408c                f29bms_dbc_bms_voltages_bms_voltages_cell88_encode
                0x00000000080140c4                f29bms_dbc_bms_voltages_bms_voltages_cell88_decode
                0x00000000080140f8                f29bms_dbc_bms_voltages_bms_voltages_cell88_is_in_range
                0x000000000801411c                f29bms_dbc_bms_voltages_bms_voltages_cell5_encode
                0x0000000008014154                f29bms_dbc_bms_voltages_bms_voltages_cell5_decode
                0x0000000008014188                f29bms_dbc_bms_voltages_bms_voltages_cell5_is_in_range
                0x00000000080141ac                f29bms_dbc_bms_voltages_bms_voltages_cell11_encode
                0x00000000080141e4                f29bms_dbc_bms_voltages_bms_voltages_cell11_decode
                0x0000000008014218                f29bms_dbc_bms_voltages_bms_voltages_cell11_is_in_range
                0x000000000801423c                f29bms_dbc_bms_voltages_bms_voltages_cell17_encode
                0x0000000008014274                f29bms_dbc_bms_voltages_bms_voltages_cell17_decode
                0x00000000080142a8                f29bms_dbc_bms_voltages_bms_voltages_cell17_is_in_range
                0x00000000080142cc                f29bms_dbc_bms_voltages_bms_voltages_cell23_encode
                0x0000000008014304                f29bms_dbc_bms_voltages_bms_voltages_cell23_decode
                0x0000000008014338                f29bms_dbc_bms_voltages_bms_voltages_cell23_is_in_range
                0x000000000801435c                f29bms_dbc_bms_voltages_bms_voltages_cell29_encode
                0x0000000008014394                f29bms_dbc_bms_voltages_bms_voltages_cell29_decode
                0x00000000080143c8                f29bms_dbc_bms_voltages_bms_voltages_cell29_is_in_range
                0x00000000080143ec                f29bms_dbc_bms_voltages_bms_voltages_cell35_encode
                0x0000000008014424                f29bms_dbc_bms_voltages_bms_voltages_cell35_decode
                0x0000000008014458                f29bms_dbc_bms_voltages_bms_voltages_cell35_is_in_range
                0x000000000801447c                f29bms_dbc_bms_voltages_bms_voltages_cell41_encode
                0x00000000080144b4                f29bms_dbc_bms_voltages_bms_voltages_cell41_decode
                0x00000000080144e8                f29bms_dbc_bms_voltages_bms_voltages_cell41_is_in_range
                0x000000000801450c                f29bms_dbc_bms_voltages_bms_voltages_cell47_encode
                0x0000000008014544                f29bms_dbc_bms_voltages_bms_voltages_cell47_decode
                0x0000000008014578                f29bms_dbc_bms_voltages_bms_voltages_cell47_is_in_range
                0x000000000801459c                f29bms_dbc_bms_voltages_bms_voltages_cell53_encode
                0x00000000080145d4                f29bms_dbc_bms_voltages_bms_voltages_cell53_decode
                0x0000000008014608                f29bms_dbc_bms_voltages_bms_voltages_cell53_is_in_range
                0x000000000801462c                f29bms_dbc_bms_voltages_bms_voltages_cell59_encode
                0x0000000008014664                f29bms_dbc_bms_voltages_bms_voltages_cell59_decode
                0x0000000008014698                f29bms_dbc_bms_voltages_bms_voltages_cell59_is_in_range
                0x00000000080146bc                f29bms_dbc_bms_voltages_bms_voltages_cell65_encode
                0x00000000080146f4                f29bms_dbc_bms_voltages_bms_voltages_cell65_decode
                0x0000000008014728                f29bms_dbc_bms_voltages_bms_voltages_cell65_is_in_range
                0x000000000801474c                f29bms_dbc_bms_voltages_bms_voltages_cell71_encode
                0x0000000008014784                f29bms_dbc_bms_voltages_bms_voltages_cell71_decode
                0x00000000080147b8                f29bms_dbc_bms_voltages_bms_voltages_cell71_is_in_range
                0x00000000080147dc                f29bms_dbc_bms_voltages_bms_voltages_cell77_encode
                0x0000000008014814                f29bms_dbc_bms_voltages_bms_voltages_cell77_decode
                0x0000000008014848                f29bms_dbc_bms_voltages_bms_voltages_cell77_is_in_range
                0x000000000801486c                f29bms_dbc_bms_voltages_bms_voltages_cell83_encode
                0x00000000080148a4                f29bms_dbc_bms_voltages_bms_voltages_cell83_decode
                0x00000000080148d8                f29bms_dbc_bms_voltages_bms_voltages_cell83_is_in_range
                0x00000000080148fc                f29bms_dbc_bms_voltages_bms_voltages_cell89_encode
                0x0000000008014934                f29bms_dbc_bms_voltages_bms_voltages_cell89_decode
                0x0000000008014968                f29bms_dbc_bms_voltages_bms_voltages_cell89_is_in_range
                0x000000000801498c                f29bms_dbc_bms_thermistor_voltages_pack
                0x0000000008014f46                f29bms_dbc_bms_thermistor_voltages_unpack
                0x0000000008015404                f29bms_dbc_bms_thermistor_voltages_bms_thermistor_voltages_mux_encode
                0x0000000008015422                f29bms_dbc_bms_thermistor_voltages_bms_thermistor_voltages_mux_decode
                0x0000000008015446                f29bms_dbc_bms_thermistor_voltages_bms_thermistor_voltages_mux_is_in_range
                0x0000000008015468                f29bms_dbc_bms_thermistor_voltages_bms_thermistor_voltages_tm0_encode
                0x00000000080154a0                f29bms_dbc_bms_thermistor_voltages_bms_thermistor_voltages_tm0_decode
                0x00000000080154d4                f29bms_dbc_bms_thermistor_voltages_bms_thermistor_voltages_tm0_is_in_range
                0x00000000080154f8                f29bms_dbc_bms_thermistor_voltages_bms_thermistor_voltages_tm6_encode
                0x0000000008015530                f29bms_dbc_bms_thermistor_voltages_bms_thermistor_voltages_tm6_decode
                0x0000000008015564                f29bms_dbc_bms_thermistor_voltages_bms_thermistor_voltages_tm6_is_in_range
                0x0000000008015588                f29bms_dbc_bms_thermistor_voltages_bms_thermistor_voltages_tm12_encode
                0x00000000080155c0                f29bms_dbc_bms_thermistor_voltages_bms_thermistor_voltages_tm12_decode
                0x00000000080155f4                f29bms_dbc_bms_thermistor_voltages_bms_thermistor_voltages_tm12_is_in_range
                0x0000000008015618                f29bms_dbc_bms_thermistor_voltages_bms_thermistor_voltages_tm18_encode
                0x0000000008015650                f29bms_dbc_bms_thermistor_voltages_bms_thermistor_voltages_tm18_decode
                0x0000000008015684                f29bms_dbc_bms_thermistor_voltages_bms_thermistor_voltages_tm18_is_in_range
                0x00000000080156a8                f29bms_dbc_bms_thermistor_voltages_bms_thermistor_voltages_tm1_encode
                0x00000000080156e0                f29bms_dbc_bms_thermistor_voltages_bms_thermistor_voltages_tm1_decode
                0x0000000008015714                f29bms_dbc_bms_thermistor_voltages_bms_thermistor_voltages_tm1_is_in_range
                0x0000000008015738                f29bms_dbc_bms_thermistor_voltages_bms_thermistor_voltages_tm7_encode
                0x0000000008015770                f29bms_dbc_bms_thermistor_voltages_bms_thermistor_voltages_tm7_decode
                0x00000000080157a4                f29bms_dbc_bms_thermistor_voltages_bms_thermistor_voltages_tm7_is_in_range
                0x00000000080157c8                f29bms_dbc_bms_thermistor_voltages_bms_thermistor_voltages_tm13_encode
                0x0000000008015800                f29bms_dbc_bms_thermistor_voltages_bms_thermistor_voltages_tm13_decode
                0x0000000008015834                f29bms_dbc_bms_thermistor_voltages_bms_thermistor_voltages_tm13_is_in_range
                0x0000000008015858                f29bms_dbc_bms_thermistor_voltages_bms_thermistor_voltages_tm19_encode
                0x0000000008015890                f29bms_dbc_bms_thermistor_voltages_bms_thermistor_voltages_tm19_decode
                0x00000000080158c4                f29bms_dbc_bms_thermistor_voltages_bms_thermistor_voltages_tm19_is_in_range
                0x00000000080158e8                f29bms_dbc_bms_thermistor_voltages_bms_thermistor_voltages_tm2_encode
                0x0000000008015920                f29bms_dbc_bms_thermistor_voltages_bms_thermistor_voltages_tm2_decode
                0x0000000008015954                f29bms_dbc_bms_thermistor_voltages_bms_thermistor_voltages_tm2_is_in_range
                0x0000000008015978                f29bms_dbc_bms_thermistor_voltages_bms_thermistor_voltages_tm8_encode
                0x00000000080159b0                f29bms_dbc_bms_thermistor_voltages_bms_thermistor_voltages_tm8_decode
                0x00000000080159e4                f29bms_dbc_bms_thermistor_voltages_bms_thermistor_voltages_tm8_is_in_range
                0x0000000008015a08                f29bms_dbc_bms_thermistor_voltages_bms_thermistor_voltages_tm14_encode
                0x0000000008015a40                f29bms_dbc_bms_thermistor_voltages_bms_thermistor_voltages_tm14_decode
                0x0000000008015a74                f29bms_dbc_bms_thermistor_voltages_bms_thermistor_voltages_tm14_is_in_range
                0x0000000008015a98                f29bms_dbc_bms_thermistor_voltages_bms_thermistor_voltages_tm3_encode
                0x0000000008015ad0                f29bms_dbc_bms_thermistor_voltages_bms_thermistor_voltages_tm3_decode
                0x0000000008015b04                f29bms_dbc_bms_thermistor_voltages_bms_thermistor_voltages_tm3_is_in_range
                0x0000000008015b28                f29bms_dbc_bms_thermistor_voltages_bms_thermistor_voltages_tm9_encode
                0x0000000008015b60                f29bms_dbc_bms_thermistor_voltages_bms_thermistor_voltages_tm9_decode
                0x0000000008015b94                f29bms_dbc_bms_thermistor_voltages_bms_thermistor_voltages_tm9_is_in_range
                0x0000000008015bb8                f29bms_dbc_bms_thermistor_voltages_bms_thermistor_voltages_tm15_encode
                0x0000000008015bf0                f29bms_dbc_bms_thermistor_voltages_bms_thermistor_voltages_tm15_decode
                0x0000000008015c24                f29bms_dbc_bms_thermistor_voltages_bms_thermistor_voltages_tm15_is_in_range
                0x0000000008015c48                f29bms_dbc_bms_thermistor_voltages_bms_thermistor_voltages_tm4_encode
                0x0000000008015c80                f29bms_dbc_bms_thermistor_voltages_bms_thermistor_voltages_tm4_decode
                0x0000000008015cb4                f29bms_dbc_bms_thermistor_voltages_bms_thermistor_voltages_tm4_is_in_range
                0x0000000008015cd8                f29bms_dbc_bms_thermistor_voltages_bms_thermistor_voltages_tm10_encode
                0x0000000008015d10                f29bms_dbc_bms_thermistor_voltages_bms_thermistor_voltages_tm10_decode
                0x0000000008015d44                f29bms_dbc_bms_thermistor_voltages_bms_thermistor_voltages_tm10_is_in_range
                0x0000000008015d68                f29bms_dbc_bms_thermistor_voltages_bms_thermistor_voltages_tm16_encode
                0x0000000008015da0                f29bms_dbc_bms_thermistor_voltages_bms_thermistor_voltages_tm16_decode
                0x0000000008015dd4                f29bms_dbc_bms_thermistor_voltages_bms_thermistor_voltages_tm16_is_in_range
                0x0000000008015df8                f29bms_dbc_bms_thermistor_voltages_bms_thermistor_voltages_tm5_encode
                0x0000000008015e30                f29bms_dbc_bms_thermistor_voltages_bms_thermistor_voltages_tm5_decode
                0x0000000008015e64                f29bms_dbc_bms_thermistor_voltages_bms_thermistor_voltages_tm5_is_in_range
                0x0000000008015e88                f29bms_dbc_bms_thermistor_voltages_bms_thermistor_voltages_tm11_encode
                0x0000000008015ec0                f29bms_dbc_bms_thermistor_voltages_bms_thermistor_voltages_tm11_decode
                0x0000000008015ef4                f29bms_dbc_bms_thermistor_voltages_bms_thermistor_voltages_tm11_is_in_range
                0x0000000008015f18                f29bms_dbc_bms_thermistor_voltages_bms_thermistor_voltages_tm17_encode
                0x0000000008015f50                f29bms_dbc_bms_thermistor_voltages_bms_thermistor_voltages_tm17_decode
                0x0000000008015f84                f29bms_dbc_bms_thermistor_voltages_bms_thermistor_voltages_tm17_is_in_range
                0x0000000008015fa8                f29bms_dbc_bms_temperatures_pack
                0x000000000801664a                f29bms_dbc_bms_temperatures_unpack
                0x0000000008016b9e                f29bms_dbc_bms_temperatures_bms_temperatures_mux_encode
                0x0000000008016bbc                f29bms_dbc_bms_temperatures_bms_temperatures_mux_decode
                0x0000000008016be0                f29bms_dbc_bms_temperatures_bms_temperatures_mux_is_in_range
                0x0000000008016c02                f29bms_dbc_bms_temperatures_bms_temperatures_0_encode
                0x0000000008016c20                f29bms_dbc_bms_temperatures_bms_temperatures_0_decode
                0x0000000008016c46                f29bms_dbc_bms_temperatures_bms_temperatures_0_is_in_range
                0x0000000008016c5c                f29bms_dbc_bms_temperatures_bms_temperatures_7_encode
                0x0000000008016c7a                f29bms_dbc_bms_temperatures_bms_temperatures_7_decode
                0x0000000008016ca0                f29bms_dbc_bms_temperatures_bms_temperatures_7_is_in_range
                0x0000000008016cb6                f29bms_dbc_bms_temperatures_bms_temperatures_14_encode
                0x0000000008016cd4                f29bms_dbc_bms_temperatures_bms_temperatures_14_decode
                0x0000000008016cfa                f29bms_dbc_bms_temperatures_bms_temperatures_14_is_in_range
                0x0000000008016d10                f29bms_dbc_bms_temperatures_bms_temperatures_1_encode
                0x0000000008016d2e                f29bms_dbc_bms_temperatures_bms_temperatures_1_decode
                0x0000000008016d54                f29bms_dbc_bms_temperatures_bms_temperatures_1_is_in_range
                0x0000000008016d6a                f29bms_dbc_bms_temperatures_bms_temperatures_8_encode
                0x0000000008016d88                f29bms_dbc_bms_temperatures_bms_temperatures_8_decode